--------------------------------------------------------------------------------
Release 11.1 Trace  (nt)
Copyright (c) 1995-2009 Xilinx, Inc.  All rights reserved.

C:\Xilinx\11.1\ISE\bin\nt\unwrapped\trce.exe -ise D:/lab5/lab5/lab5/lab5.ise
-intstyle ise -v 3 -s 4 -fastpaths -xml cpuSingleCycle.twx cpuSingleCycle.ncd
-o cpuSingleCycle.twr cpuSingleCycle.pcf -ucf cpuSingleCycle.ucf

Design file:              cpuSingleCycle.ncd
Physical constraint file: cpuSingleCycle.pcf
Device,package,speed:     xc3s500e,fg320,-4 (PRODUCTION 1.27 2009-03-03)
Report level:             verbose report

Environment Variable      Effect 
--------------------      ------ 
NONE                      No environment variables were set
--------------------------------------------------------------------------------

INFO:Timing:2752 - To get complete path coverage, use the unconstrained paths 
   option. All paths that are not constrained will be reported in the 
   unconstrained paths section(s) of the report.
INFO:Timing:3339 - The clock-to-out numbers in this timing report are based on 
   a 50 Ohm transmission line loading model.  For the details of this model, 
   and for more information on accounting for different loading conditions, 
   please see the device datasheet.

================================================================================
Timing constraint: TS_J_CLK = PERIOD TIMEGRP "J_CLK" 30 ns HIGH 50%;

 3210 paths analyzed, 362 endpoints analyzed, 0 failing endpoints
 0 timing errors detected. (0 setup errors, 0 hold errors, 0 component switching limit errors)
 Minimum period is  13.319ns.
--------------------------------------------------------------------------------
Slack (setup path):     16.681ns (requirement - (data path - clock path skew + uncertainty))
  Source:               U_icon_pro/U0/U_ICON/U_CMD/G_TARGET[10].I_NE0.U_TARGET (FF)
  Destination:          U_ila_pro_0/U0/I_NO_D.U_ILA/U_STAT/U_TDO (FF)
  Requirement:          30.000ns
  Data Path Delay:      13.319ns (Levels of Logic = 8)
  Clock Path Skew:      0.000ns
  Source Clock:         icon_control0<0> rising at 0.000ns
  Destination Clock:    icon_control0<0> rising at 30.000ns
  Clock Uncertainty:    0.000ns

  Maximum Data Path: U_icon_pro/U0/U_ICON/U_CMD/G_TARGET[10].I_NE0.U_TARGET to U_ila_pro_0/U0/I_NO_D.U_ILA/U_STAT/U_TDO
    Location             Delay type         Delay(ns)  Physical Resource
                                                       Logical Resource(s)
    -------------------------------------------------  -------------------
    SLICE_X65Y80.YQ      Tcko                  0.587   U_icon_pro/U0/U_ICON/U_CMD/iTARGET<11>
                                                       U_icon_pro/U0/U_ICON/U_CMD/G_TARGET[10].I_NE0.U_TARGET
    SLICE_X64Y66.F4      net (fanout=17)       2.547   U_icon_pro/U0/U_ICON/U_CMD/iTARGET<10>
    SLICE_X64Y66.X       Tilo                  0.759   U_icon_pro/U0/U_ICON/iCOMMAND_SEL<1>
                                                       U_icon_pro/U0/U_ICON/U_CMD/U_COMMAND_SEL/I4.FI[1].U_LUT
    SLICE_X55Y78.G4      net (fanout=2)        1.261   U_icon_pro/U0/U_ICON/iCOMMAND_SEL<1>
    SLICE_X55Y78.Y       Tilo                  0.704   U_ila_pro_0/U0/I_NO_D.U_ILA/U_STAT/U_DSL1/din_latched
                                                       U_icon_pro/U0/U_ICON/U_CTRL_OUT/F_NCP[0].F_CMD[1].U_LCE
    SLICE_X65Y71.G4      net (fanout=5)        0.929   icon_control0<5>
    SLICE_X65Y71.COUT    Topcyg                1.001   U_ila_pro_0/U0/U_XST_CONTROLBUS_WORKAROUND/CONTROL_XST_WORKAROUND_O_cmp_eq0000_wg_cy<5>
                                                       U_ila_pro_0/U0/U_XST_CONTROLBUS_WORKAROUND/CONTROL_XST_WORKAROUND_O_cmp_eq0000_wg_lut<5>
                                                       U_ila_pro_0/U0/U_XST_CONTROLBUS_WORKAROUND/CONTROL_XST_WORKAROUND_O_cmp_eq0000_wg_cy<5>
    SLICE_X65Y72.CIN     net (fanout=1)        0.000   U_ila_pro_0/U0/U_XST_CONTROLBUS_WORKAROUND/CONTROL_XST_WORKAROUND_O_cmp_eq0000_wg_cy<5>
    SLICE_X65Y72.COUT    Tbyp                  0.118   U_ila_pro_0/U0/U_XST_CONTROLBUS_WORKAROUND/CONTROL_XST_WORKAROUND_O_cmp_eq0000_wg_cy<7>
                                                       U_ila_pro_0/U0/U_XST_CONTROLBUS_WORKAROUND/CONTROL_XST_WORKAROUND_O_cmp_eq0000_wg_cy<6>
                                                       U_ila_pro_0/U0/U_XST_CONTROLBUS_WORKAROUND/CONTROL_XST_WORKAROUND_O_cmp_eq0000_wg_cy<7>
    SLICE_X65Y73.CIN     net (fanout=1)        0.000   U_ila_pro_0/U0/U_XST_CONTROLBUS_WORKAROUND/CONTROL_XST_WORKAROUND_O_cmp_eq0000_wg_cy<7>
    SLICE_X65Y73.XB      Tcinxb                0.404   icon_control0<35>
                                                       U_ila_pro_0/U0/U_XST_CONTROLBUS_WORKAROUND/CONTROL_XST_WORKAROUND_O_cmp_eq0000_wg_cy<8>
    SLICE_X46Y84.F4      net (fanout=2)        1.814   U_ila_pro_0/U0/U_XST_CONTROLBUS_WORKAROUND/CONTROL_XST_WORKAROUND_O_cmp_eq0000_wg_cy<8>
    SLICE_X46Y84.X       Tif5x                 1.152   U_ila_pro_0/U0/I_NO_D.U_ILA/U_STAT/U_MUX/U_CS_MUX/I1.U_MUX2/O39
                                                       U_ila_pro_0/U0/I_NO_D.U_ILA/U_STAT/U_MUX/U_CS_MUX/I1.U_MUX2/O39_G
                                                       U_ila_pro_0/U0/I_NO_D.U_ILA/U_STAT/U_MUX/U_CS_MUX/I1.U_MUX2/O39
    SLICE_X46Y82.G1      net (fanout=1)        0.369   U_ila_pro_0/U0/I_NO_D.U_ILA/U_STAT/U_MUX/U_CS_MUX/I1.U_MUX2/O39
    SLICE_X46Y82.Y       Tilo                  0.759   U_ila_pro_0/U0/I_NO_D.U_ILA/iSTAT_DOUT
                                                       U_ila_pro_0/U0/I_NO_D.U_ILA/U_STAT/U_MUX/U_CS_MUX/I1.U_MUX2/O82
    SLICE_X46Y82.F4      net (fanout=1)        0.023   U_ila_pro_0/U0/I_NO_D.U_ILA/U_STAT/U_MUX/U_CS_MUX/I1.U_MUX2/O82/O
    SLICE_X46Y82.CLK     Tfck                  0.892   U_ila_pro_0/U0/I_NO_D.U_ILA/iSTAT_DOUT
                                                       U_ila_pro_0/U0/I_NO_D.U_ILA/U_STAT/U_MUX/U_CS_MUX/I1.U_MUX2/O130
                                                       U_ila_pro_0/U0/I_NO_D.U_ILA/U_STAT/U_TDO
    -------------------------------------------------  ---------------------------
    Total                                     13.319ns (6.376ns logic, 6.943ns route)
                                                       (47.9% logic, 52.1% route)

--------------------------------------------------------------------------------
Slack (setup path):     16.710ns (requirement - (data path - clock path skew + uncertainty))
  Source:               U_icon_pro/U0/U_ICON/U_CMD/G_TARGET[12].I_NE0.U_TARGET (FF)
  Destination:          U_ila_pro_0/U0/I_NO_D.U_ILA/U_STAT/U_TDO (FF)
  Requirement:          30.000ns
  Data Path Delay:      13.290ns (Levels of Logic = 9)
  Clock Path Skew:      0.000ns
  Source Clock:         icon_control0<0> rising at 0.000ns
  Destination Clock:    icon_control0<0> rising at 30.000ns
  Clock Uncertainty:    0.000ns

  Maximum Data Path: U_icon_pro/U0/U_ICON/U_CMD/G_TARGET[12].I_NE0.U_TARGET to U_ila_pro_0/U0/I_NO_D.U_ILA/U_STAT/U_TDO
    Location             Delay type         Delay(ns)  Physical Resource
                                                       Logical Resource(s)
    -------------------------------------------------  -------------------
    SLICE_X65Y82.YQ      Tcko                  0.587   U_icon_pro/U0/U_ICON/iCORE_ID<1>
                                                       U_icon_pro/U0/U_ICON/U_CMD/G_TARGET[12].I_NE0.U_TARGET
    SLICE_X64Y83.G2      net (fanout=5)        1.191   U_icon_pro/U0/U_ICON/iCORE_ID<0>
    SLICE_X64Y83.Y       Tilo                  0.759   U_icon_pro/U0/U_ICON/iCORE_ID_SEL<15>
                                                       U_icon_pro/U0/U_ICON/U_CMD/U_CORE_ID_SEL/I4.FI[0].U_LUT
    SLICE_X54Y79.G2      net (fanout=29)       2.125   U_icon_pro/U0/U_ICON/iCORE_ID_SEL<0>
    SLICE_X54Y79.Y       Tilo                  0.759   U_ila_pro_0/U0/I_NO_D.U_ILA/U_TRIG/U_TC/I_TSEQ_EQ1.I_TSEQ_SIMPLE/S0_CFG/iCFG_DIN
                                                       U_icon_pro/U0/U_ICON/U_CTRL_OUT/F_NCP[0].F_CMD[15].U_LCE
    SLICE_X65Y70.G2      net (fanout=40)       1.219   icon_control0<19>
    SLICE_X65Y70.COUT    Topcyg                1.001   U_ila_pro_0/U0/U_XST_CONTROLBUS_WORKAROUND/CONTROL_XST_WORKAROUND_O_cmp_eq0000_wg_cy<3>
                                                       U_ila_pro_0/U0/U_XST_CONTROLBUS_WORKAROUND/CONTROL_XST_WORKAROUND_O_cmp_eq0000_wg_lut<3>
                                                       U_ila_pro_0/U0/U_XST_CONTROLBUS_WORKAROUND/CONTROL_XST_WORKAROUND_O_cmp_eq0000_wg_cy<3>
    SLICE_X65Y71.CIN     net (fanout=1)        0.000   U_ila_pro_0/U0/U_XST_CONTROLBUS_WORKAROUND/CONTROL_XST_WORKAROUND_O_cmp_eq0000_wg_cy<3>
    SLICE_X65Y71.COUT    Tbyp                  0.118   U_ila_pro_0/U0/U_XST_CONTROLBUS_WORKAROUND/CONTROL_XST_WORKAROUND_O_cmp_eq0000_wg_cy<5>
                                                       U_ila_pro_0/U0/U_XST_CONTROLBUS_WORKAROUND/CONTROL_XST_WORKAROUND_O_cmp_eq0000_wg_cy<4>
                                                       U_ila_pro_0/U0/U_XST_CONTROLBUS_WORKAROUND/CONTROL_XST_WORKAROUND_O_cmp_eq0000_wg_cy<5>
    SLICE_X65Y72.CIN     net (fanout=1)        0.000   U_ila_pro_0/U0/U_XST_CONTROLBUS_WORKAROUND/CONTROL_XST_WORKAROUND_O_cmp_eq0000_wg_cy<5>
    SLICE_X65Y72.COUT    Tbyp                  0.118   U_ila_pro_0/U0/U_XST_CONTROLBUS_WORKAROUND/CONTROL_XST_WORKAROUND_O_cmp_eq0000_wg_cy<7>
                                                       U_ila_pro_0/U0/U_XST_CONTROLBUS_WORKAROUND/CONTROL_XST_WORKAROUND_O_cmp_eq0000_wg_cy<6>
                                                       U_ila_pro_0/U0/U_XST_CONTROLBUS_WORKAROUND/CONTROL_XST_WORKAROUND_O_cmp_eq0000_wg_cy<7>
    SLICE_X65Y73.CIN     net (fanout=1)        0.000   U_ila_pro_0/U0/U_XST_CONTROLBUS_WORKAROUND/CONTROL_XST_WORKAROUND_O_cmp_eq0000_wg_cy<7>
    SLICE_X65Y73.XB      Tcinxb                0.404   icon_control0<35>
                                                       U_ila_pro_0/U0/U_XST_CONTROLBUS_WORKAROUND/CONTROL_XST_WORKAROUND_O_cmp_eq0000_wg_cy<8>
    SLICE_X46Y84.F4      net (fanout=2)        1.814   U_ila_pro_0/U0/U_XST_CONTROLBUS_WORKAROUND/CONTROL_XST_WORKAROUND_O_cmp_eq0000_wg_cy<8>
    SLICE_X46Y84.X       Tif5x                 1.152   U_ila_pro_0/U0/I_NO_D.U_ILA/U_STAT/U_MUX/U_CS_MUX/I1.U_MUX2/O39
                                                       U_ila_pro_0/U0/I_NO_D.U_ILA/U_STAT/U_MUX/U_CS_MUX/I1.U_MUX2/O39_G
                                                       U_ila_pro_0/U0/I_NO_D.U_ILA/U_STAT/U_MUX/U_CS_MUX/I1.U_MUX2/O39
    SLICE_X46Y82.G1      net (fanout=1)        0.369   U_ila_pro_0/U0/I_NO_D.U_ILA/U_STAT/U_MUX/U_CS_MUX/I1.U_MUX2/O39
    SLICE_X46Y82.Y       Tilo                  0.759   U_ila_pro_0/U0/I_NO_D.U_ILA/iSTAT_DOUT
                                                       U_ila_pro_0/U0/I_NO_D.U_ILA/U_STAT/U_MUX/U_CS_MUX/I1.U_MUX2/O82
    SLICE_X46Y82.F4      net (fanout=1)        0.023   U_ila_pro_0/U0/I_NO_D.U_ILA/U_STAT/U_MUX/U_CS_MUX/I1.U_MUX2/O82/O
    SLICE_X46Y82.CLK     Tfck                  0.892   U_ila_pro_0/U0/I_NO_D.U_ILA/iSTAT_DOUT
                                                       U_ila_pro_0/U0/I_NO_D.U_ILA/U_STAT/U_MUX/U_CS_MUX/I1.U_MUX2/O130
                                                       U_ila_pro_0/U0/I_NO_D.U_ILA/U_STAT/U_TDO
    -------------------------------------------------  ---------------------------
    Total                                     13.290ns (6.549ns logic, 6.741ns route)
                                                       (49.3% logic, 50.7% route)

--------------------------------------------------------------------------------
Slack (setup path):     16.789ns (requirement - (data path - clock path skew + uncertainty))
  Source:               U_icon_pro/U0/U_ICON/U_CMD/G_TARGET[10].I_NE0.U_TARGET (FF)
  Destination:          U_ila_pro_0/U0/I_NO_D.U_ILA/U_STAT/U_TDO (FF)
  Requirement:          30.000ns
  Data Path Delay:      13.211ns (Levels of Logic = 9)
  Clock Path Skew:      0.000ns
  Source Clock:         icon_control0<0> rising at 0.000ns
  Destination Clock:    icon_control0<0> rising at 30.000ns
  Clock Uncertainty:    0.000ns

  Maximum Data Path: U_icon_pro/U0/U_ICON/U_CMD/G_TARGET[10].I_NE0.U_TARGET to U_ila_pro_0/U0/I_NO_D.U_ILA/U_STAT/U_TDO
    Location             Delay type         Delay(ns)  Physical Resource
                                                       Logical Resource(s)
    -------------------------------------------------  -------------------
    SLICE_X65Y80.YQ      Tcko                  0.587   U_icon_pro/U0/U_ICON/U_CMD/iTARGET<11>
                                                       U_icon_pro/U0/U_ICON/U_CMD/G_TARGET[10].I_NE0.U_TARGET
    SLICE_X64Y66.F4      net (fanout=17)       2.547   U_icon_pro/U0/U_ICON/U_CMD/iTARGET<10>
    SLICE_X64Y66.X       Tilo                  0.759   U_icon_pro/U0/U_ICON/iCOMMAND_SEL<1>
                                                       U_icon_pro/U0/U_ICON/U_CMD/U_COMMAND_SEL/I4.FI[1].U_LUT
    SLICE_X65Y68.F3      net (fanout=2)        1.166   U_icon_pro/U0/U_ICON/iCOMMAND_SEL<1>
    SLICE_X65Y68.X       Tilo                  0.704   icon_control0<21>
                                                       U_icon_pro/U0/U_ICON/U_CTRL_OUT/F_NCP[0].F_CMD[1].U_HCE
    SLICE_X65Y70.G1      net (fanout=6)        0.798   icon_control0<21>
    SLICE_X65Y70.COUT    Topcyg                1.001   U_ila_pro_0/U0/U_XST_CONTROLBUS_WORKAROUND/CONTROL_XST_WORKAROUND_O_cmp_eq0000_wg_cy<3>
                                                       U_ila_pro_0/U0/U_XST_CONTROLBUS_WORKAROUND/CONTROL_XST_WORKAROUND_O_cmp_eq0000_wg_lut<3>
                                                       U_ila_pro_0/U0/U_XST_CONTROLBUS_WORKAROUND/CONTROL_XST_WORKAROUND_O_cmp_eq0000_wg_cy<3>
    SLICE_X65Y71.CIN     net (fanout=1)        0.000   U_ila_pro_0/U0/U_XST_CONTROLBUS_WORKAROUND/CONTROL_XST_WORKAROUND_O_cmp_eq0000_wg_cy<3>
    SLICE_X65Y71.COUT    Tbyp                  0.118   U_ila_pro_0/U0/U_XST_CONTROLBUS_WORKAROUND/CONTROL_XST_WORKAROUND_O_cmp_eq0000_wg_cy<5>
                                                       U_ila_pro_0/U0/U_XST_CONTROLBUS_WORKAROUND/CONTROL_XST_WORKAROUND_O_cmp_eq0000_wg_cy<4>
                                                       U_ila_pro_0/U0/U_XST_CONTROLBUS_WORKAROUND/CONTROL_XST_WORKAROUND_O_cmp_eq0000_wg_cy<5>
    SLICE_X65Y72.CIN     net (fanout=1)        0.000   U_ila_pro_0/U0/U_XST_CONTROLBUS_WORKAROUND/CONTROL_XST_WORKAROUND_O_cmp_eq0000_wg_cy<5>
    SLICE_X65Y72.COUT    Tbyp                  0.118   U_ila_pro_0/U0/U_XST_CONTROLBUS_WORKAROUND/CONTROL_XST_WORKAROUND_O_cmp_eq0000_wg_cy<7>
                                                       U_ila_pro_0/U0/U_XST_CONTROLBUS_WORKAROUND/CONTROL_XST_WORKAROUND_O_cmp_eq0000_wg_cy<6>
                                                       U_ila_pro_0/U0/U_XST_CONTROLBUS_WORKAROUND/CONTROL_XST_WORKAROUND_O_cmp_eq0000_wg_cy<7>
    SLICE_X65Y73.CIN     net (fanout=1)        0.000   U_ila_pro_0/U0/U_XST_CONTROLBUS_WORKAROUND/CONTROL_XST_WORKAROUND_O_cmp_eq0000_wg_cy<7>
    SLICE_X65Y73.XB      Tcinxb                0.404   icon_control0<35>
                                                       U_ila_pro_0/U0/U_XST_CONTROLBUS_WORKAROUND/CONTROL_XST_WORKAROUND_O_cmp_eq0000_wg_cy<8>
    SLICE_X46Y84.F4      net (fanout=2)        1.814   U_ila_pro_0/U0/U_XST_CONTROLBUS_WORKAROUND/CONTROL_XST_WORKAROUND_O_cmp_eq0000_wg_cy<8>
    SLICE_X46Y84.X       Tif5x                 1.152   U_ila_pro_0/U0/I_NO_D.U_ILA/U_STAT/U_MUX/U_CS_MUX/I1.U_MUX2/O39
                                                       U_ila_pro_0/U0/I_NO_D.U_ILA/U_STAT/U_MUX/U_CS_MUX/I1.U_MUX2/O39_G
                                                       U_ila_pro_0/U0/I_NO_D.U_ILA/U_STAT/U_MUX/U_CS_MUX/I1.U_MUX2/O39
    SLICE_X46Y82.G1      net (fanout=1)        0.369   U_ila_pro_0/U0/I_NO_D.U_ILA/U_STAT/U_MUX/U_CS_MUX/I1.U_MUX2/O39
    SLICE_X46Y82.Y       Tilo                  0.759   U_ila_pro_0/U0/I_NO_D.U_ILA/iSTAT_DOUT
                                                       U_ila_pro_0/U0/I_NO_D.U_ILA/U_STAT/U_MUX/U_CS_MUX/I1.U_MUX2/O82
    SLICE_X46Y82.F4      net (fanout=1)        0.023   U_ila_pro_0/U0/I_NO_D.U_ILA/U_STAT/U_MUX/U_CS_MUX/I1.U_MUX2/O82/O
    SLICE_X46Y82.CLK     Tfck                  0.892   U_ila_pro_0/U0/I_NO_D.U_ILA/iSTAT_DOUT
                                                       U_ila_pro_0/U0/I_NO_D.U_ILA/U_STAT/U_MUX/U_CS_MUX/I1.U_MUX2/O130
                                                       U_ila_pro_0/U0/I_NO_D.U_ILA/U_STAT/U_TDO
    -------------------------------------------------  ---------------------------
    Total                                     13.211ns (6.494ns logic, 6.717ns route)
                                                       (49.2% logic, 50.8% route)

--------------------------------------------------------------------------------

Hold Paths: TS_J_CLK = PERIOD TIMEGRP "J_CLK" 30 ns HIGH 50%;
--------------------------------------------------------------------------------
Slack (hold path):      0.725ns (requirement - (clock path skew + uncertainty - data path))
  Source:               U_ila_pro_0/U0/I_NO_D.U_ILA/U_G2_SQ.U_CAPCTRL/U_CAP_ADDRGEN/I_0_TO_64K.F_SEL[15].U_SEL (FF)
  Destination:          U_ila_pro_0/U0/I_NO_D.U_ILA/U_G2_SQ.U_CAPCTRL/U_CAP_ADDRGEN/I_0_TO_64K.I_SRL.U_SELX (FF)
  Requirement:          0.000ns
  Data Path Delay:      0.725ns (Levels of Logic = 1)
  Clock Path Skew:      0.000ns
  Source Clock:         icon_control0<0> rising at 30.000ns
  Destination Clock:    icon_control0<0> rising at 30.000ns
  Clock Uncertainty:    0.000ns

  Minimum Data Path: U_ila_pro_0/U0/I_NO_D.U_ILA/U_G2_SQ.U_CAPCTRL/U_CAP_ADDRGEN/I_0_TO_64K.F_SEL[15].U_SEL to U_ila_pro_0/U0/I_NO_D.U_ILA/U_G2_SQ.U_CAPCTRL/U_CAP_ADDRGEN/I_0_TO_64K.I_SRL.U_SELX
    Location             Delay type         Delay(ns)  Physical Resource
                                                       Logical Resource(s)
    -------------------------------------------------  -------------------
    SLICE_X49Y66.XQ      Tcko                  0.473   U_ila_pro_0/U0/I_NO_D.U_ILA/U_G2_SQ.U_CAPCTRL/U_CAP_ADDRGEN/cfg_data_vec<16>
                                                       U_ila_pro_0/U0/I_NO_D.U_ILA/U_G2_SQ.U_CAPCTRL/U_CAP_ADDRGEN/I_0_TO_64K.F_SEL[15].U_SEL
    SLICE_X48Y67.BY      net (fanout=1)        0.379   U_ila_pro_0/U0/I_NO_D.U_ILA/U_G2_SQ.U_CAPCTRL/U_CAP_ADDRGEN/cfg_data_vec<16>
    SLICE_X48Y67.CLK     Tdh         (-Th)     0.127   U_ila_pro_0/U0/I_NO_D.U_ILA/U_G2_SQ.U_CAPCTRL/U_CAP_ADDRGEN/cfg_data<0>
                                                       U_ila_pro_0/U0/I_NO_D.U_ILA/U_G2_SQ.U_CAPCTRL/U_CAP_ADDRGEN/I_0_TO_64K.I_SRL.U_SELX
    -------------------------------------------------  ---------------------------
    Total                                      0.725ns (0.346ns logic, 0.379ns route)
                                                       (47.7% logic, 52.3% route)

--------------------------------------------------------------------------------
Slack (hold path):      0.927ns (requirement - (clock path skew + uncertainty - data path))
  Source:               U_ila_pro_0/U0/I_NO_D.U_ILA/U_G2_SQ.U_CAPCTRL/U_CAP_ADDRGEN/I_0_TO_64K.F_SEL[14].U_SEL (FF)
  Destination:          U_ila_pro_0/U0/I_NO_D.U_ILA/U_G2_SQ.U_CAPCTRL/U_CAP_ADDRGEN/I_0_TO_64K.F_SEL[15].U_SEL (FF)
  Requirement:          0.000ns
  Data Path Delay:      0.927ns (Levels of Logic = 0)
  Clock Path Skew:      0.000ns
  Source Clock:         icon_control0<0> rising at 30.000ns
  Destination Clock:    icon_control0<0> rising at 30.000ns
  Clock Uncertainty:    0.000ns

  Minimum Data Path: U_ila_pro_0/U0/I_NO_D.U_ILA/U_G2_SQ.U_CAPCTRL/U_CAP_ADDRGEN/I_0_TO_64K.F_SEL[14].U_SEL to U_ila_pro_0/U0/I_NO_D.U_ILA/U_G2_SQ.U_CAPCTRL/U_CAP_ADDRGEN/I_0_TO_64K.F_SEL[15].U_SEL
    Location             Delay type         Delay(ns)  Physical Resource
                                                       Logical Resource(s)
    -------------------------------------------------  -------------------
    SLICE_X49Y66.YQ      Tcko                  0.470   U_ila_pro_0/U0/I_NO_D.U_ILA/U_G2_SQ.U_CAPCTRL/U_CAP_ADDRGEN/cfg_data_vec<16>
                                                       U_ila_pro_0/U0/I_NO_D.U_ILA/U_G2_SQ.U_CAPCTRL/U_CAP_ADDRGEN/I_0_TO_64K.F_SEL[14].U_SEL
    SLICE_X49Y66.BX      net (fanout=1)        0.364   U_ila_pro_0/U0/I_NO_D.U_ILA/U_G2_SQ.U_CAPCTRL/U_CAP_ADDRGEN/cfg_data_vec<15>
    SLICE_X49Y66.CLK     Tckdi       (-Th)    -0.093   U_ila_pro_0/U0/I_NO_D.U_ILA/U_G2_SQ.U_CAPCTRL/U_CAP_ADDRGEN/cfg_data_vec<16>
                                                       U_ila_pro_0/U0/I_NO_D.U_ILA/U_G2_SQ.U_CAPCTRL/U_CAP_ADDRGEN/I_0_TO_64K.F_SEL[15].U_SEL
    -------------------------------------------------  ---------------------------
    Total                                      0.927ns (0.563ns logic, 0.364ns route)
                                                       (60.7% logic, 39.3% route)

--------------------------------------------------------------------------------
Slack (hold path):      0.968ns (requirement - (clock path skew + uncertainty - data path))
  Source:               U_ila_pro_0/U0/I_NO_D.U_ILA/U_G2_SQ.U_CAPCTRL/U_CAP_ADDRGEN/I_0_TO_64K.F_SEL[8].U_SEL (FF)
  Destination:          U_ila_pro_0/U0/I_NO_D.U_ILA/U_G2_SQ.U_CAPCTRL/U_CAP_ADDRGEN/I_0_TO_64K.F_SEL[9].U_SEL (FF)
  Requirement:          0.000ns
  Data Path Delay:      0.968ns (Levels of Logic = 0)
  Clock Path Skew:      0.000ns
  Source Clock:         icon_control0<0> rising at 30.000ns
  Destination Clock:    icon_control0<0> rising at 30.000ns
  Clock Uncertainty:    0.000ns

  Minimum Data Path: U_ila_pro_0/U0/I_NO_D.U_ILA/U_G2_SQ.U_CAPCTRL/U_CAP_ADDRGEN/I_0_TO_64K.F_SEL[8].U_SEL to U_ila_pro_0/U0/I_NO_D.U_ILA/U_G2_SQ.U_CAPCTRL/U_CAP_ADDRGEN/I_0_TO_64K.F_SEL[9].U_SEL
    Location             Delay type         Delay(ns)  Physical Resource
                                                       Logical Resource(s)
    -------------------------------------------------  -------------------
    SLICE_X53Y64.YQ      Tcko                  0.470   U_ila_pro_0/U0/I_NO_D.U_ILA/U_G2_SQ.U_CAPCTRL/U_CAP_ADDRGEN/cfg_data_vec<10>
                                                       U_ila_pro_0/U0/I_NO_D.U_ILA/U_G2_SQ.U_CAPCTRL/U_CAP_ADDRGEN/I_0_TO_64K.F_SEL[8].U_SEL
    SLICE_X53Y64.BX      net (fanout=2)        0.405   U_ila_pro_0/U0/I_NO_D.U_ILA/U_G2_SQ.U_CAPCTRL/U_CAP_ADDRGEN/cfg_data_vec<9>
    SLICE_X53Y64.CLK     Tckdi       (-Th)    -0.093   U_ila_pro_0/U0/I_NO_D.U_ILA/U_G2_SQ.U_CAPCTRL/U_CAP_ADDRGEN/cfg_data_vec<10>
                                                       U_ila_pro_0/U0/I_NO_D.U_ILA/U_G2_SQ.U_CAPCTRL/U_CAP_ADDRGEN/I_0_TO_64K.F_SEL[9].U_SEL
    -------------------------------------------------  ---------------------------
    Total                                      0.968ns (0.563ns logic, 0.405ns route)
                                                       (58.2% logic, 41.8% route)

--------------------------------------------------------------------------------

Component Switching Limit Checks: TS_J_CLK = PERIOD TIMEGRP "J_CLK" 30 ns HIGH 50%;
--------------------------------------------------------------------------------
Slack: 26.808ns (period - (min low pulse limit / (low pulse / period)))
  Period: 30.000ns
  Low pulse: 15.000ns
  Low pulse limit: 1.596ns (Trpw)
  Physical resource: U_ila_pro_0/U0/I_NO_D.U_ILA/U_STAT/U_DSL1/din_latched/SR
  Logical resource: U_ila_pro_0/U0/I_NO_D.U_ILA/U_STAT/U_DSL1/U_TFDRE/SR
  Location pin: SLICE_X55Y78.SR
  Clock network: U_ila_pro_0/U0/I_NO_D.U_ILA/U_STAT/U_DSL1/iCLR
--------------------------------------------------------------------------------
Slack: 26.808ns (period - (min high pulse limit / (high pulse / period)))
  Period: 30.000ns
  High pulse: 15.000ns
  High pulse limit: 1.596ns (Trpw)
  Physical resource: U_ila_pro_0/U0/I_NO_D.U_ILA/U_STAT/U_DSL1/din_latched/SR
  Logical resource: U_ila_pro_0/U0/I_NO_D.U_ILA/U_STAT/U_DSL1/U_TFDRE/SR
  Location pin: SLICE_X55Y78.SR
  Clock network: U_ila_pro_0/U0/I_NO_D.U_ILA/U_STAT/U_DSL1/iCLR
--------------------------------------------------------------------------------
Slack: 26.808ns (period - (min low pulse limit / (low pulse / period)))
  Period: 30.000ns
  Low pulse: 15.000ns
  Low pulse limit: 1.596ns (Trpw)
  Physical resource: U_ila_pro_0/U0/I_NO_D.U_ILA/U_RST/U_HALT_XFER/din_latched/SR
  Logical resource: U_ila_pro_0/U0/I_NO_D.U_ILA/U_RST/U_HALT_XFER/U_TFDRE/SR
  Location pin: SLICE_X55Y75.SR
  Clock network: U_ila_pro_0/U0/I_NO_D.U_ILA/U_RST/U_HALT_XFER/iCLR
--------------------------------------------------------------------------------

================================================================================
Timing constraint: TS_U_TO_J = MAXDELAY FROM TIMEGRP "U_CLK" TO TIMEGRP "J_CLK" 
15 ns;

 18 paths analyzed, 18 endpoints analyzed, 0 failing endpoints
 0 timing errors detected. (0 setup errors, 0 hold errors)
 Maximum delay is   3.490ns.
--------------------------------------------------------------------------------
Slack (slowest paths):  11.510ns (requirement - (data path - clock path skew + uncertainty))
  Source:               U_icon_pro/U0/U_ICON/U_iDATA_CMD (FF)
  Destination:          U_icon_pro/U0/U_ICON/U_CMD/G_TARGET[8].I_NE0.U_TARGET (FF)
  Requirement:          15.000ns
  Data Path Delay:      3.490ns (Levels of Logic = 1)
  Clock Path Skew:      0.000ns
  Source Clock:         U_icon_pro/U0/iUPDATE_OUT rising
  Destination Clock:    icon_control0<0> rising at 0.000ns
  Clock Uncertainty:    0.000ns

  Maximum Data Path: U_icon_pro/U0/U_ICON/U_iDATA_CMD to U_icon_pro/U0/U_ICON/U_CMD/G_TARGET[8].I_NE0.U_TARGET
    Location             Delay type         Delay(ns)  Physical Resource
                                                       Logical Resource(s)
    -------------------------------------------------  -------------------
    SLICE_X64Y88.YQ      Tcko                  0.652   U_icon_pro/U0/U_ICON/iDATA_CMD
                                                       U_icon_pro/U0/U_ICON/U_iDATA_CMD
    SLICE_X64Y84.G2      net (fanout=7)        0.881   U_icon_pro/U0/U_ICON/iDATA_CMD
    SLICE_X64Y84.Y       Tilo                  0.759   U_icon_pro/U0/U_ICON/U_CMD/iTARGET_CE
                                                       U_icon_pro/U0/U_ICON/U_CMD/U_TARGET_CE
    SLICE_X64Y78.CE      net (fanout=5)        0.643   U_icon_pro/U0/U_ICON/U_CMD/iTARGET_CE
    SLICE_X64Y78.CLK     Tceck                 0.555   U_icon_pro/U0/U_ICON/U_CMD/iTARGET<9>
                                                       U_icon_pro/U0/U_ICON/U_CMD/G_TARGET[8].I_NE0.U_TARGET
    -------------------------------------------------  ---------------------------
    Total                                      3.490ns (1.966ns logic, 1.524ns route)
                                                       (56.3% logic, 43.7% route)

--------------------------------------------------------------------------------
Slack (slowest paths):  11.510ns (requirement - (data path - clock path skew + uncertainty))
  Source:               U_icon_pro/U0/U_ICON/U_iDATA_CMD (FF)
  Destination:          U_icon_pro/U0/U_ICON/U_CMD/G_TARGET[9].I_NE0.U_TARGET (FF)
  Requirement:          15.000ns
  Data Path Delay:      3.490ns (Levels of Logic = 1)
  Clock Path Skew:      0.000ns
  Source Clock:         U_icon_pro/U0/iUPDATE_OUT rising
  Destination Clock:    icon_control0<0> rising at 0.000ns
  Clock Uncertainty:    0.000ns

  Maximum Data Path: U_icon_pro/U0/U_ICON/U_iDATA_CMD to U_icon_pro/U0/U_ICON/U_CMD/G_TARGET[9].I_NE0.U_TARGET
    Location             Delay type         Delay(ns)  Physical Resource
                                                       Logical Resource(s)
    -------------------------------------------------  -------------------
    SLICE_X64Y88.YQ      Tcko                  0.652   U_icon_pro/U0/U_ICON/iDATA_CMD
                                                       U_icon_pro/U0/U_ICON/U_iDATA_CMD
    SLICE_X64Y84.G2      net (fanout=7)        0.881   U_icon_pro/U0/U_ICON/iDATA_CMD
    SLICE_X64Y84.Y       Tilo                  0.759   U_icon_pro/U0/U_ICON/U_CMD/iTARGET_CE
                                                       U_icon_pro/U0/U_ICON/U_CMD/U_TARGET_CE
    SLICE_X64Y78.CE      net (fanout=5)        0.643   U_icon_pro/U0/U_ICON/U_CMD/iTARGET_CE
    SLICE_X64Y78.CLK     Tceck                 0.555   U_icon_pro/U0/U_ICON/U_CMD/iTARGET<9>
                                                       U_icon_pro/U0/U_ICON/U_CMD/G_TARGET[9].I_NE0.U_TARGET
    -------------------------------------------------  ---------------------------
    Total                                      3.490ns (1.966ns logic, 1.524ns route)
                                                       (56.3% logic, 43.7% route)

--------------------------------------------------------------------------------
Slack (slowest paths):  11.510ns (requirement - (data path - clock path skew + uncertainty))
  Source:               U_icon_pro/U0/U_ICON/U_iDATA_CMD (FF)
  Destination:          U_icon_pro/U0/U_ICON/U_CMD/G_TARGET[7].I_NE0.U_TARGET (FF)
  Requirement:          15.000ns
  Data Path Delay:      3.490ns (Levels of Logic = 1)
  Clock Path Skew:      0.000ns
  Source Clock:         U_icon_pro/U0/iUPDATE_OUT rising
  Destination Clock:    icon_control0<0> rising at 0.000ns
  Clock Uncertainty:    0.000ns

  Maximum Data Path: U_icon_pro/U0/U_ICON/U_iDATA_CMD to U_icon_pro/U0/U_ICON/U_CMD/G_TARGET[7].I_NE0.U_TARGET
    Location             Delay type         Delay(ns)  Physical Resource
                                                       Logical Resource(s)
    -------------------------------------------------  -------------------
    SLICE_X64Y88.YQ      Tcko                  0.652   U_icon_pro/U0/U_ICON/iDATA_CMD
                                                       U_icon_pro/U0/U_ICON/U_iDATA_CMD
    SLICE_X64Y84.G2      net (fanout=7)        0.881   U_icon_pro/U0/U_ICON/iDATA_CMD
    SLICE_X64Y84.Y       Tilo                  0.759   U_icon_pro/U0/U_ICON/U_CMD/iTARGET_CE
                                                       U_icon_pro/U0/U_ICON/U_CMD/U_TARGET_CE
    SLICE_X65Y79.CE      net (fanout=5)        0.643   U_icon_pro/U0/U_ICON/U_CMD/iTARGET_CE
    SLICE_X65Y79.CLK     Tceck                 0.555   U_icon_pro/U0/U_ICON/iCOMMAND_GRP<1>
                                                       U_icon_pro/U0/U_ICON/U_CMD/G_TARGET[7].I_NE0.U_TARGET
    -------------------------------------------------  ---------------------------
    Total                                      3.490ns (1.966ns logic, 1.524ns route)
                                                       (56.3% logic, 43.7% route)

--------------------------------------------------------------------------------

Fastest Paths: TS_U_TO_J = MAXDELAY FROM TIMEGRP "U_CLK" TO TIMEGRP "J_CLK" 15 ns;
--------------------------------------------------------------------------------
Delay (hold path):      1.878ns (data path - clock path skew + uncertainty)
  Source:               U_icon_pro/U0/U_ICON/U_iDATA_CMD (FF)
  Destination:          U_icon_pro/U0/U_ICON/U_SYNC/G_SYNC_WORD[0].I_NE0.U_FDR (FF)
  Data Path Delay:      1.878ns (Levels of Logic = 0)
  Clock Path Skew:      0.000ns
  Source Clock:         U_icon_pro/U0/iUPDATE_OUT rising
  Destination Clock:    icon_control0<0> rising at 0.000ns
  Clock Uncertainty:    0.000ns

  Minimum Data Path: U_icon_pro/U0/U_ICON/U_iDATA_CMD to U_icon_pro/U0/U_ICON/U_SYNC/G_SYNC_WORD[0].I_NE0.U_FDR
    Location             Delay type         Delay(ns)  Physical Resource
                                                       Logical Resource(s)
    -------------------------------------------------  -------------------
    SLICE_X64Y88.YQ      Tcko                  0.522   U_icon_pro/U0/U_ICON/iDATA_CMD
                                                       U_icon_pro/U0/U_ICON/U_iDATA_CMD
    SLICE_X62Y91.SR      net (fanout=7)        0.865   U_icon_pro/U0/U_ICON/iDATA_CMD
    SLICE_X62Y91.CLK     Tcksr       (-Th)    -0.491   U_icon_pro/U0/U_ICON/U_SYNC/iSYNC_WORD<1>
                                                       U_icon_pro/U0/U_ICON/U_SYNC/G_SYNC_WORD[0].I_NE0.U_FDR
    -------------------------------------------------  ---------------------------
    Total                                      1.878ns (1.013ns logic, 0.865ns route)
                                                       (53.9% logic, 46.1% route)

--------------------------------------------------------------------------------
Delay (hold path):      1.878ns (data path - clock path skew + uncertainty)
  Source:               U_icon_pro/U0/U_ICON/U_iDATA_CMD (FF)
  Destination:          U_icon_pro/U0/U_ICON/U_SYNC/G_SYNC_WORD[1].I_NE0.U_FDR (FF)
  Data Path Delay:      1.878ns (Levels of Logic = 0)
  Clock Path Skew:      0.000ns
  Source Clock:         U_icon_pro/U0/iUPDATE_OUT rising
  Destination Clock:    icon_control0<0> rising at 0.000ns
  Clock Uncertainty:    0.000ns

  Minimum Data Path: U_icon_pro/U0/U_ICON/U_iDATA_CMD to U_icon_pro/U0/U_ICON/U_SYNC/G_SYNC_WORD[1].I_NE0.U_FDR
    Location             Delay type         Delay(ns)  Physical Resource
                                                       Logical Resource(s)
    -------------------------------------------------  -------------------
    SLICE_X64Y88.YQ      Tcko                  0.522   U_icon_pro/U0/U_ICON/iDATA_CMD
                                                       U_icon_pro/U0/U_ICON/U_iDATA_CMD
    SLICE_X62Y91.SR      net (fanout=7)        0.865   U_icon_pro/U0/U_ICON/iDATA_CMD
    SLICE_X62Y91.CLK     Tcksr       (-Th)    -0.491   U_icon_pro/U0/U_ICON/U_SYNC/iSYNC_WORD<1>
                                                       U_icon_pro/U0/U_ICON/U_SYNC/G_SYNC_WORD[1].I_NE0.U_FDR
    -------------------------------------------------  ---------------------------
    Total                                      1.878ns (1.013ns logic, 0.865ns route)
                                                       (53.9% logic, 46.1% route)

--------------------------------------------------------------------------------
Delay (hold path):      1.881ns (data path - clock path skew + uncertainty)
  Source:               U_icon_pro/U0/U_ICON/U_iDATA_CMD (FF)
  Destination:          U_icon_pro/U0/U_ICON/U_SYNC/U_SYNC (FF)
  Data Path Delay:      1.881ns (Levels of Logic = 0)
  Clock Path Skew:      0.000ns
  Source Clock:         U_icon_pro/U0/iUPDATE_OUT rising
  Destination Clock:    icon_control0<0> rising at 0.000ns
  Clock Uncertainty:    0.000ns

  Minimum Data Path: U_icon_pro/U0/U_ICON/U_iDATA_CMD to U_icon_pro/U0/U_ICON/U_SYNC/U_SYNC
    Location             Delay type         Delay(ns)  Physical Resource
                                                       Logical Resource(s)
    -------------------------------------------------  -------------------
    SLICE_X64Y88.YQ      Tcko                  0.522   U_icon_pro/U0/U_ICON/iDATA_CMD
                                                       U_icon_pro/U0/U_ICON/U_iDATA_CMD
    SLICE_X64Y85.SR      net (fanout=7)        0.868   U_icon_pro/U0/U_ICON/iDATA_CMD
    SLICE_X64Y85.CLK     Tcksr       (-Th)    -0.491   U_icon_pro/U0/U_ICON/iSYNC
                                                       U_icon_pro/U0/U_ICON/U_SYNC/U_SYNC
    -------------------------------------------------  ---------------------------
    Total                                      1.881ns (1.013ns logic, 0.868ns route)
                                                       (53.9% logic, 46.1% route)

--------------------------------------------------------------------------------

================================================================================
Timing constraint: TS_U_TO_U = MAXDELAY FROM TIMEGRP "U_CLK" TO TIMEGRP "U_CLK" 
15 ns;

 1 path analyzed, 1 endpoint analyzed, 0 failing endpoints
 0 timing errors detected. (0 setup errors, 0 hold errors)
 Maximum delay is   1.996ns.
--------------------------------------------------------------------------------
Slack (slowest paths):  13.004ns (requirement - (data path - clock path skew + uncertainty))
  Source:               U_icon_pro/U0/U_ICON/U_iDATA_CMD (FF)
  Destination:          U_icon_pro/U0/U_ICON/U_iDATA_CMD (FF)
  Requirement:          15.000ns
  Data Path Delay:      1.996ns (Levels of Logic = 0)
  Clock Path Skew:      0.000ns
  Source Clock:         U_icon_pro/U0/iUPDATE_OUT rising
  Destination Clock:    U_icon_pro/U0/iUPDATE_OUT rising
  Clock Uncertainty:    0.000ns

  Maximum Data Path: U_icon_pro/U0/U_ICON/U_iDATA_CMD to U_icon_pro/U0/U_ICON/U_iDATA_CMD
    Location             Delay type         Delay(ns)  Physical Resource
                                                       Logical Resource(s)
    -------------------------------------------------  -------------------
    SLICE_X64Y88.YQ      Tcko                  0.652   U_icon_pro/U0/U_ICON/iDATA_CMD
                                                       U_icon_pro/U0/U_ICON/U_iDATA_CMD
    SLICE_X64Y88.BY      net (fanout=7)        0.962   U_icon_pro/U0/U_ICON/iDATA_CMD
    SLICE_X64Y88.CLK     Tdick                 0.382   U_icon_pro/U0/U_ICON/iDATA_CMD
                                                       U_icon_pro/U0/U_ICON/U_iDATA_CMD
    -------------------------------------------------  ---------------------------
    Total                                      1.996ns (1.034ns logic, 0.962ns route)
                                                       (51.8% logic, 48.2% route)

--------------------------------------------------------------------------------

Fastest Paths: TS_U_TO_U = MAXDELAY FROM TIMEGRP "U_CLK" TO TIMEGRP "U_CLK" 15 ns;
--------------------------------------------------------------------------------
Delay (hold path):      1.443ns (data path - clock path skew + uncertainty)
  Source:               U_icon_pro/U0/U_ICON/U_iDATA_CMD (FF)
  Destination:          U_icon_pro/U0/U_ICON/U_iDATA_CMD (FF)
  Data Path Delay:      1.443ns (Levels of Logic = 0)
  Clock Path Skew:      0.000ns
  Source Clock:         U_icon_pro/U0/iUPDATE_OUT rising
  Destination Clock:    U_icon_pro/U0/iUPDATE_OUT rising
  Clock Uncertainty:    0.000ns

  Minimum Data Path: U_icon_pro/U0/U_ICON/U_iDATA_CMD to U_icon_pro/U0/U_ICON/U_iDATA_CMD
    Location             Delay type         Delay(ns)  Physical Resource
                                                       Logical Resource(s)
    -------------------------------------------------  -------------------
    SLICE_X64Y88.YQ      Tcko                  0.522   U_icon_pro/U0/U_ICON/iDATA_CMD
                                                       U_icon_pro/U0/U_ICON/U_iDATA_CMD
    SLICE_X64Y88.BY      net (fanout=7)        0.769   U_icon_pro/U0/U_ICON/iDATA_CMD
    SLICE_X64Y88.CLK     Tckdi       (-Th)    -0.152   U_icon_pro/U0/U_ICON/iDATA_CMD
                                                       U_icon_pro/U0/U_ICON/U_iDATA_CMD
    -------------------------------------------------  ---------------------------
    Total                                      1.443ns (0.674ns logic, 0.769ns route)
                                                       (46.7% logic, 53.3% route)

--------------------------------------------------------------------------------

================================================================================
Timing constraint: PATH "TS_J_TO_D_path" TIG;

 158 paths analyzed, 75 endpoints analyzed, 0 failing endpoints
 0 timing errors detected. (0 setup errors, 0 hold errors)
--------------------------------------------------------------------------------
Delay (setup path):     6.514ns (data path - clock path skew + uncertainty)
  Source:               U_ila_pro_0/U0/I_NO_D.U_ILA/U_G2_SQ.U_CAPCTRL/I_SRLT_NE_1.U_CMPRESET/I_NOLUT6.I_SRL_T2.I_YES_RPM.UF0_CFGLUT4 (FF)
  Destination:          U_ila_pro_0/U0/I_NO_D.U_ILA/U_G2_SQ.U_CAPCTRL/U_WCNT_LCMP_Q (FF)
  Data Path Delay:      6.514ns (Levels of Logic = 1)
  Clock Path Skew:      0.000ns
  Source Clock:         icon_control0<0> rising at 0.000ns
  Destination Clock:    clk rising
  Clock Uncertainty:    0.000ns

  Maximum Data Path: U_ila_pro_0/U0/I_NO_D.U_ILA/U_G2_SQ.U_CAPCTRL/I_SRLT_NE_1.U_CMPRESET/I_NOLUT6.I_SRL_T2.I_YES_RPM.UF0_CFGLUT4 to U_ila_pro_0/U0/I_NO_D.U_ILA/U_G2_SQ.U_CAPCTRL/U_WCNT_LCMP_Q
    Location             Delay type         Delay(ns)  Physical Resource
                                                       Logical Resource(s)
    -------------------------------------------------  -------------------
    SLICE_X52Y70.F5      Tregf5                4.036   U_ila_pro_0/U0/I_NO_D.U_ILA/U_G2_SQ.U_CAPCTRL/CMP_RESET
                                                       U_ila_pro_0/U0/I_NO_D.U_ILA/U_G2_SQ.U_CAPCTRL/I_SRLT_NE_1.U_CMPRESET/I_NOLUT6.I_SRL_T2.I_YES_RPM.UF0_CFGLUT4.CE
                                                       U_ila_pro_0/U0/I_NO_D.U_ILA/U_G2_SQ.U_CAPCTRL/I_SRLT_NE_1.U_CMPRESET/I_NOLUT6.I_SRL_T2.I_YES_RPM.UF0_CFGLUT4
                                                       U_ila_pro_0/U0/I_NO_D.U_ILA/U_G2_SQ.U_CAPCTRL/I_SRLT_NE_1.U_CMPRESET/I_NOLUT6.I_SRL_T2.I_YES_RPM.U0_MUXF5
    SLICE_X52Y70.FXINA   net (fanout=1)        0.000   U_ila_pro_0/U0/I_NO_D.U_ILA/U_G2_SQ.U_CAPCTRL/I_SRLT_NE_1.U_CMPRESET/jO<0>
    SLICE_X52Y70.Y       Tif6y                 0.409   U_ila_pro_0/U0/I_NO_D.U_ILA/U_G2_SQ.U_CAPCTRL/CMP_RESET
                                                       U_ila_pro_0/U0/I_NO_D.U_ILA/U_G2_SQ.U_CAPCTRL/I_SRLT_NE_1.U_CMPRESET/I_NOLUT6.I_SRL_T2.I_YES_RPM.I_NO_OREG.U_MUXF6
    SLICE_X54Y74.SR      net (fanout=3)        1.159   U_ila_pro_0/U0/I_NO_D.U_ILA/U_G2_SQ.U_CAPCTRL/CMP_RESET
    SLICE_X54Y74.CLK     Tsrck                 0.910   U_ila_pro_0/U0/I_NO_D.U_ILA/U_G2_SQ.U_CAPCTRL/WCNT_LCMP_Q
                                                       U_ila_pro_0/U0/I_NO_D.U_ILA/U_G2_SQ.U_CAPCTRL/U_WCNT_LCMP_Q
    -------------------------------------------------  ---------------------------
    Total                                      6.514ns (5.355ns logic, 1.159ns route)
                                                       (82.2% logic, 17.8% route)

--------------------------------------------------------------------------------
Delay (setup path):     6.514ns (data path - clock path skew + uncertainty)
  Source:               U_ila_pro_0/U0/I_NO_D.U_ILA/U_G2_SQ.U_CAPCTRL/I_SRLT_NE_1.U_CMPRESET/I_NOLUT6.I_SRL_T2.I_YES_RPM.UG0_CFGLUT4 (FF)
  Destination:          U_ila_pro_0/U0/I_NO_D.U_ILA/U_G2_SQ.U_CAPCTRL/U_WCNT_LCMP_Q (FF)
  Data Path Delay:      6.514ns (Levels of Logic = 1)
  Clock Path Skew:      0.000ns
  Source Clock:         icon_control0<0> rising at 0.000ns
  Destination Clock:    clk rising
  Clock Uncertainty:    0.000ns

  Maximum Data Path: U_ila_pro_0/U0/I_NO_D.U_ILA/U_G2_SQ.U_CAPCTRL/I_SRLT_NE_1.U_CMPRESET/I_NOLUT6.I_SRL_T2.I_YES_RPM.UG0_CFGLUT4 to U_ila_pro_0/U0/I_NO_D.U_ILA/U_G2_SQ.U_CAPCTRL/U_WCNT_LCMP_Q
    Location             Delay type         Delay(ns)  Physical Resource
                                                       Logical Resource(s)
    -------------------------------------------------  -------------------
    SLICE_X52Y70.F5      Tregf5                4.036   U_ila_pro_0/U0/I_NO_D.U_ILA/U_G2_SQ.U_CAPCTRL/CMP_RESET
                                                       U_ila_pro_0/U0/I_NO_D.U_ILA/U_G2_SQ.U_CAPCTRL/I_SRLT_NE_1.U_CMPRESET/I_NOLUT6.I_SRL_T2.I_YES_RPM.UF0_CFGLUT4.CE
                                                       U_ila_pro_0/U0/I_NO_D.U_ILA/U_G2_SQ.U_CAPCTRL/I_SRLT_NE_1.U_CMPRESET/I_NOLUT6.I_SRL_T2.I_YES_RPM.UG0_CFGLUT4
                                                       U_ila_pro_0/U0/I_NO_D.U_ILA/U_G2_SQ.U_CAPCTRL/I_SRLT_NE_1.U_CMPRESET/I_NOLUT6.I_SRL_T2.I_YES_RPM.U0_MUXF5
    SLICE_X52Y70.FXINA   net (fanout=1)        0.000   U_ila_pro_0/U0/I_NO_D.U_ILA/U_G2_SQ.U_CAPCTRL/I_SRLT_NE_1.U_CMPRESET/jO<0>
    SLICE_X52Y70.Y       Tif6y                 0.409   U_ila_pro_0/U0/I_NO_D.U_ILA/U_G2_SQ.U_CAPCTRL/CMP_RESET
                                                       U_ila_pro_0/U0/I_NO_D.U_ILA/U_G2_SQ.U_CAPCTRL/I_SRLT_NE_1.U_CMPRESET/I_NOLUT6.I_SRL_T2.I_YES_RPM.I_NO_OREG.U_MUXF6
    SLICE_X54Y74.SR      net (fanout=3)        1.159   U_ila_pro_0/U0/I_NO_D.U_ILA/U_G2_SQ.U_CAPCTRL/CMP_RESET
    SLICE_X54Y74.CLK     Tsrck                 0.910   U_ila_pro_0/U0/I_NO_D.U_ILA/U_G2_SQ.U_CAPCTRL/WCNT_LCMP_Q
                                                       U_ila_pro_0/U0/I_NO_D.U_ILA/U_G2_SQ.U_CAPCTRL/U_WCNT_LCMP_Q
    -------------------------------------------------  ---------------------------
    Total                                      6.514ns (5.355ns logic, 1.159ns route)
                                                       (82.2% logic, 17.8% route)

--------------------------------------------------------------------------------
Delay (setup path):     6.514ns (data path - clock path skew + uncertainty)
  Source:               U_ila_pro_0/U0/I_NO_D.U_ILA/U_G2_SQ.U_CAPCTRL/I_SRLT_NE_1.U_CMPRESET/I_NOLUT6.I_SRL_T2.I_YES_RPM.UG1_CFGLUT4 (FF)
  Destination:          U_ila_pro_0/U0/I_NO_D.U_ILA/U_G2_SQ.U_CAPCTRL/U_WCNT_LCMP_Q (FF)
  Data Path Delay:      6.514ns (Levels of Logic = 1)
  Clock Path Skew:      0.000ns
  Source Clock:         icon_control0<0> rising at 0.000ns
  Destination Clock:    clk rising
  Clock Uncertainty:    0.000ns

  Maximum Data Path: U_ila_pro_0/U0/I_NO_D.U_ILA/U_G2_SQ.U_CAPCTRL/I_SRLT_NE_1.U_CMPRESET/I_NOLUT6.I_SRL_T2.I_YES_RPM.UG1_CFGLUT4 to U_ila_pro_0/U0/I_NO_D.U_ILA/U_G2_SQ.U_CAPCTRL/U_WCNT_LCMP_Q
    Location             Delay type         Delay(ns)  Physical Resource
                                                       Logical Resource(s)
    -------------------------------------------------  -------------------
    SLICE_X52Y71.F5      Tregf5                4.036   U_ila_pro_0/U0/I_NO_D.U_ILA/U_G2_SQ.U_CAPCTRL/I_SRLT_NE_1.U_CMPRESET/jO<1>
                                                       U_ila_pro_0/U0/I_NO_D.U_ILA/U_G2_SQ.U_CAPCTRL/I_SRLT_NE_1.U_CMPRESET/I_NOLUT6.I_SRL_T2.I_YES_RPM.UF1_CFGLUT4.CE
                                                       U_ila_pro_0/U0/I_NO_D.U_ILA/U_G2_SQ.U_CAPCTRL/I_SRLT_NE_1.U_CMPRESET/I_NOLUT6.I_SRL_T2.I_YES_RPM.UG1_CFGLUT4
                                                       U_ila_pro_0/U0/I_NO_D.U_ILA/U_G2_SQ.U_CAPCTRL/I_SRLT_NE_1.U_CMPRESET/I_NOLUT6.I_SRL_T2.I_YES_RPM.U1_MUXF5
    SLICE_X52Y70.FXINB   net (fanout=1)        0.000   U_ila_pro_0/U0/I_NO_D.U_ILA/U_G2_SQ.U_CAPCTRL/I_SRLT_NE_1.U_CMPRESET/jO<1>
    SLICE_X52Y70.Y       Tif6y                 0.409   U_ila_pro_0/U0/I_NO_D.U_ILA/U_G2_SQ.U_CAPCTRL/CMP_RESET
                                                       U_ila_pro_0/U0/I_NO_D.U_ILA/U_G2_SQ.U_CAPCTRL/I_SRLT_NE_1.U_CMPRESET/I_NOLUT6.I_SRL_T2.I_YES_RPM.I_NO_OREG.U_MUXF6
    SLICE_X54Y74.SR      net (fanout=3)        1.159   U_ila_pro_0/U0/I_NO_D.U_ILA/U_G2_SQ.U_CAPCTRL/CMP_RESET
    SLICE_X54Y74.CLK     Tsrck                 0.910   U_ila_pro_0/U0/I_NO_D.U_ILA/U_G2_SQ.U_CAPCTRL/WCNT_LCMP_Q
                                                       U_ila_pro_0/U0/I_NO_D.U_ILA/U_G2_SQ.U_CAPCTRL/U_WCNT_LCMP_Q
    -------------------------------------------------  ---------------------------
    Total                                      6.514ns (5.355ns logic, 1.159ns route)
                                                       (82.2% logic, 17.8% route)

--------------------------------------------------------------------------------

Hold Paths: PATH "TS_J_TO_D_path" TIG;
--------------------------------------------------------------------------------
Delay (hold path):      1.309ns (data path - clock path skew + uncertainty)
  Source:               U_ila_pro_0/U0/I_NO_D.U_ILA/U_G2_SQ.U_CAPCTRL/U_CAP_ADDRGEN/I_0_TO_64K.F_SEL[0].U_SEL (FF)
  Destination:          U_ila_pro_0/U0/I_NO_D.U_ILA/U_G2_SQ.U_CAPCTRL/U_CAP_ADDRGEN/I_INTCAP.F_CAP_ADDR[0].U_iCAP_ADDR (FF)
  Data Path Delay:      1.309ns (Levels of Logic = 1)
  Clock Path Skew:      0.000ns
  Source Clock:         icon_control0<0> rising at 0.000ns
  Destination Clock:    clk rising
  Clock Uncertainty:    0.000ns

  Minimum Data Path: U_ila_pro_0/U0/I_NO_D.U_ILA/U_G2_SQ.U_CAPCTRL/U_CAP_ADDRGEN/I_0_TO_64K.F_SEL[0].U_SEL to U_ila_pro_0/U0/I_NO_D.U_ILA/U_G2_SQ.U_CAPCTRL/U_CAP_ADDRGEN/I_INTCAP.F_CAP_ADDR[0].U_iCAP_ADDR
    Location             Delay type         Delay(ns)  Physical Resource
                                                       Logical Resource(s)
    -------------------------------------------------  -------------------
    SLICE_X55Y61.YQ      Tcko                  0.470   U_ila_pro_0/U0/I_NO_D.U_ILA/U_G2_SQ.U_CAPCTRL/U_CAP_ADDRGEN/cfg_data_vec<2>
                                                       U_ila_pro_0/U0/I_NO_D.U_ILA/U_G2_SQ.U_CAPCTRL/U_CAP_ADDRGEN/I_0_TO_64K.F_SEL[0].U_SEL
    SLICE_X55Y62.G4      net (fanout=2)        0.323   U_ila_pro_0/U0/I_NO_D.U_ILA/U_G2_SQ.U_CAPCTRL/U_CAP_ADDRGEN/cfg_data_vec<1>
    SLICE_X55Y62.CLK     Tckg        (-Th)    -0.516   U_ila_pro_0/U0/I_NO_D.U_ILA/U_G2_SQ.U_CAPCTRL/U_CAP_ADDRGEN/iCAP_ADDR<1>
                                                       U_ila_pro_0/U0/I_NO_D.U_ILA/U_G2_SQ.U_CAPCTRL/U_CAP_ADDRGEN/I_INTCAP.F_CAP_ADDR[0].U_CAP_ADDR_MUX
                                                       U_ila_pro_0/U0/I_NO_D.U_ILA/U_G2_SQ.U_CAPCTRL/U_CAP_ADDRGEN/I_INTCAP.F_CAP_ADDR[0].U_iCAP_ADDR
    -------------------------------------------------  ---------------------------
    Total                                      1.309ns (0.986ns logic, 0.323ns route)
                                                       (75.3% logic, 24.7% route)

--------------------------------------------------------------------------------
Delay (hold path):      1.323ns (data path - clock path skew + uncertainty)
  Source:               U_ila_pro_0/U0/I_NO_D.U_ILA/U_G2_SQ.U_CAPCTRL/U_CAP_ADDRGEN/I_0_TO_64K.F_SEL[3].U_SEL (FF)
  Destination:          U_ila_pro_0/U0/I_NO_D.U_ILA/U_G2_SQ.U_CAPCTRL/U_CAP_ADDRGEN/I_INTCAP.F_CAP_ADDR[3].U_iCAP_ADDR (FF)
  Data Path Delay:      1.323ns (Levels of Logic = 1)
  Clock Path Skew:      0.000ns
  Source Clock:         icon_control0<0> rising at 0.000ns
  Destination Clock:    clk rising
  Clock Uncertainty:    0.000ns

  Minimum Data Path: U_ila_pro_0/U0/I_NO_D.U_ILA/U_G2_SQ.U_CAPCTRL/U_CAP_ADDRGEN/I_0_TO_64K.F_SEL[3].U_SEL to U_ila_pro_0/U0/I_NO_D.U_ILA/U_G2_SQ.U_CAPCTRL/U_CAP_ADDRGEN/I_INTCAP.F_CAP_ADDR[3].U_iCAP_ADDR
    Location             Delay type         Delay(ns)  Physical Resource
                                                       Logical Resource(s)
    -------------------------------------------------  -------------------
    SLICE_X54Y61.XQ      Tcko                  0.474   U_ila_pro_0/U0/I_NO_D.U_ILA/U_G2_SQ.U_CAPCTRL/U_CAP_ADDRGEN/cfg_data_vec<4>
                                                       U_ila_pro_0/U0/I_NO_D.U_ILA/U_G2_SQ.U_CAPCTRL/U_CAP_ADDRGEN/I_0_TO_64K.F_SEL[3].U_SEL
    SLICE_X55Y60.F4      net (fanout=2)        0.333   U_ila_pro_0/U0/I_NO_D.U_ILA/U_G2_SQ.U_CAPCTRL/U_CAP_ADDRGEN/cfg_data_vec<4>
    SLICE_X55Y60.CLK     Tckf        (-Th)    -0.516   U_ila_pro_0/U0/I_NO_D.U_ILA/U_G2_SQ.U_CAPCTRL/U_CAP_ADDRGEN/iCAP_ADDR<3>
                                                       U_ila_pro_0/U0/I_NO_D.U_ILA/U_G2_SQ.U_CAPCTRL/U_CAP_ADDRGEN/I_INTCAP.F_CAP_ADDR[3].U_CAP_ADDR_MUX
                                                       U_ila_pro_0/U0/I_NO_D.U_ILA/U_G2_SQ.U_CAPCTRL/U_CAP_ADDRGEN/I_INTCAP.F_CAP_ADDR[3].U_iCAP_ADDR
    -------------------------------------------------  ---------------------------
    Total                                      1.323ns (0.990ns logic, 0.333ns route)
                                                       (74.8% logic, 25.2% route)

--------------------------------------------------------------------------------
Delay (hold path):      1.325ns (data path - clock path skew + uncertainty)
  Source:               U_ila_pro_0/U0/I_NO_D.U_ILA/U_G2_SQ.U_CAPCTRL/U_CAP_ADDRGEN/I_0_TO_64K.F_SEL[7].U_SEL (FF)
  Destination:          U_ila_pro_0/U0/I_NO_D.U_ILA/U_G2_SQ.U_CAPCTRL/U_CAP_ADDRGEN/I_INTCAP.F_CAP_ADDR[7].U_iCAP_ADDR (FF)
  Data Path Delay:      1.325ns (Levels of Logic = 1)
  Clock Path Skew:      0.000ns
  Source Clock:         icon_control0<0> rising at 0.000ns
  Destination Clock:    clk rising
  Clock Uncertainty:    0.000ns

  Minimum Data Path: U_ila_pro_0/U0/I_NO_D.U_ILA/U_G2_SQ.U_CAPCTRL/U_CAP_ADDRGEN/I_0_TO_64K.F_SEL[7].U_SEL to U_ila_pro_0/U0/I_NO_D.U_ILA/U_G2_SQ.U_CAPCTRL/U_CAP_ADDRGEN/I_INTCAP.F_CAP_ADDR[7].U_iCAP_ADDR
    Location             Delay type         Delay(ns)  Physical Resource
                                                       Logical Resource(s)
    -------------------------------------------------  -------------------
    SLICE_X54Y64.XQ      Tcko                  0.474   U_ila_pro_0/U0/I_NO_D.U_ILA/U_G2_SQ.U_CAPCTRL/U_CAP_ADDRGEN/cfg_data_vec<8>
                                                       U_ila_pro_0/U0/I_NO_D.U_ILA/U_G2_SQ.U_CAPCTRL/U_CAP_ADDRGEN/I_0_TO_64K.F_SEL[7].U_SEL
    SLICE_X55Y64.F4      net (fanout=2)        0.335   U_ila_pro_0/U0/I_NO_D.U_ILA/U_G2_SQ.U_CAPCTRL/U_CAP_ADDRGEN/cfg_data_vec<8>
    SLICE_X55Y64.CLK     Tckf        (-Th)    -0.516   U_ila_pro_0/U0/I_NO_D.U_ILA/U_G2_SQ.U_CAPCTRL/U_CAP_ADDRGEN/iCAP_ADDR<7>
                                                       U_ila_pro_0/U0/I_NO_D.U_ILA/U_G2_SQ.U_CAPCTRL/U_CAP_ADDRGEN/I_INTCAP.F_CAP_ADDR[7].U_CAP_ADDR_MUX
                                                       U_ila_pro_0/U0/I_NO_D.U_ILA/U_G2_SQ.U_CAPCTRL/U_CAP_ADDRGEN/I_INTCAP.F_CAP_ADDR[7].U_iCAP_ADDR
    -------------------------------------------------  ---------------------------
    Total                                      1.325ns (0.990ns logic, 0.335ns route)
                                                       (74.7% logic, 25.3% route)

--------------------------------------------------------------------------------

================================================================================
Timing constraint: PATH "TS_D_TO_J_path" TIG;

 310 paths analyzed, 279 endpoints analyzed, 0 failing endpoints
 0 timing errors detected. (0 setup errors, 0 hold errors)
--------------------------------------------------------------------------------
Delay (setup path):     7.776ns (data path - clock path skew + uncertainty)
  Source:               U_ila_pro_0/U0/I_NO_D.U_ILA/U_STAT/U_STATE0 (FF)
  Destination:          U_ila_pro_0/U0/I_NO_D.U_ILA/U_STAT/U_TDO (FF)
  Data Path Delay:      7.776ns (Levels of Logic = 5)
  Clock Path Skew:      0.000ns
  Source Clock:         clk rising
  Destination Clock:    icon_control0<0> rising at 0.000ns
  Clock Uncertainty:    0.000ns

  Maximum Data Path: U_ila_pro_0/U0/I_NO_D.U_ILA/U_STAT/U_STATE0 to U_ila_pro_0/U0/I_NO_D.U_ILA/U_STAT/U_TDO
    Location             Delay type         Delay(ns)  Physical Resource
                                                       Logical Resource(s)
    -------------------------------------------------  -------------------
    SLICE_X47Y80.YQ      Tcko                  0.587   U_ila_pro_0/U0/I_NO_D.U_ILA/U_STAT/STATE_dstat<1>
                                                       U_ila_pro_0/U0/I_NO_D.U_ILA/U_STAT/U_STATE0
    SLICE_X46Y81.G4      net (fanout=1)        0.930   U_ila_pro_0/U0/I_NO_D.U_ILA/U_STAT/STATE_dstat<0>
    SLICE_X46Y81.Y       Tilo                  0.759   U_ila_pro_0/U0/I_NO_D.U_ILA/U_STAT/iSTAT<0>
                                                       U_ila_pro_0/U0/I_NO_D.U_ILA/U_STAT/U_DMUX/U_CS_MUX/I3.U_MUX8/Mmux_O_13
    SLICE_X48Y76.F3      net (fanout=1)        0.586   U_ila_pro_0/U0/I_NO_D.U_ILA/U_STAT/U_DMUX/U_CS_MUX/I3.U_MUX8/Mmux_O_13
    SLICE_X48Y76.X       Tif5x                 1.152   U_ila_pro_0/U0/I_NO_D.U_ILA/U_STAT/U_DMUX/U_CS_MUX/I3.U_MUX8/Mmux_O_8
                                                       U_ila_pro_0/U0/I_NO_D.U_ILA/U_STAT/U_DMUX/U_CS_MUX/I3.U_MUX8/Mmux_O_8_G
                                                       U_ila_pro_0/U0/I_NO_D.U_ILA/U_STAT/U_DMUX/U_CS_MUX/I3.U_MUX8/Mmux_O_8
    SLICE_X48Y81.G2      net (fanout=1)        0.641   U_ila_pro_0/U0/I_NO_D.U_ILA/U_STAT/U_DMUX/U_CS_MUX/I3.U_MUX8/Mmux_O_8
    SLICE_X48Y81.Y       Tilo                  0.759   U_ila_pro_0/U0/I_NO_D.U_ILA/U_STAT/U_MUX/U_CS_MUX/I1.U_MUX2/O127
                                                       U_ila_pro_0/U0/I_NO_D.U_ILA/U_STAT/U_DMUX/U_CS_MUX/I3.U_MUX8/Mmux_O_4
    SLICE_X48Y81.F3      net (fanout=1)        0.023   U_ila_pro_0/U0/I_NO_D.U_ILA/U_STAT/U_DMUX/U_CS_MUX/I3.U_MUX8/Mmux_O_4/O
    SLICE_X48Y81.X       Tilo                  0.759   U_ila_pro_0/U0/I_NO_D.U_ILA/U_STAT/U_MUX/U_CS_MUX/I1.U_MUX2/O127
                                                       U_ila_pro_0/U0/I_NO_D.U_ILA/U_STAT/U_MUX/U_CS_MUX/I1.U_MUX2/O127
    SLICE_X46Y82.F2      net (fanout=1)        0.688   U_ila_pro_0/U0/I_NO_D.U_ILA/U_STAT/U_MUX/U_CS_MUX/I1.U_MUX2/O127
    SLICE_X46Y82.CLK     Tfck                  0.892   U_ila_pro_0/U0/I_NO_D.U_ILA/iSTAT_DOUT
                                                       U_ila_pro_0/U0/I_NO_D.U_ILA/U_STAT/U_MUX/U_CS_MUX/I1.U_MUX2/O130
                                                       U_ila_pro_0/U0/I_NO_D.U_ILA/U_STAT/U_TDO
    -------------------------------------------------  ---------------------------
    Total                                      7.776ns (4.908ns logic, 2.868ns route)
                                                       (63.1% logic, 36.9% route)

--------------------------------------------------------------------------------
Delay (setup path):     7.310ns (data path - clock path skew + uncertainty)
  Source:               U_ila_pro_0/U0/I_NO_D.U_ILA/U_STAT/U_STATE1 (FF)
  Destination:          U_ila_pro_0/U0/I_NO_D.U_ILA/U_STAT/U_TDO (FF)
  Data Path Delay:      7.310ns (Levels of Logic = 5)
  Clock Path Skew:      0.000ns
  Source Clock:         clk rising
  Destination Clock:    icon_control0<0> rising at 0.000ns
  Clock Uncertainty:    0.000ns

  Maximum Data Path: U_ila_pro_0/U0/I_NO_D.U_ILA/U_STAT/U_STATE1 to U_ila_pro_0/U0/I_NO_D.U_ILA/U_STAT/U_TDO
    Location             Delay type         Delay(ns)  Physical Resource
                                                       Logical Resource(s)
    -------------------------------------------------  -------------------
    SLICE_X47Y80.XQ      Tcko                  0.591   U_ila_pro_0/U0/I_NO_D.U_ILA/U_STAT/STATE_dstat<1>
                                                       U_ila_pro_0/U0/I_NO_D.U_ILA/U_STAT/U_STATE1
    SLICE_X46Y81.G1      net (fanout=1)        0.460   U_ila_pro_0/U0/I_NO_D.U_ILA/U_STAT/STATE_dstat<1>
    SLICE_X46Y81.Y       Tilo                  0.759   U_ila_pro_0/U0/I_NO_D.U_ILA/U_STAT/iSTAT<0>
                                                       U_ila_pro_0/U0/I_NO_D.U_ILA/U_STAT/U_DMUX/U_CS_MUX/I3.U_MUX8/Mmux_O_13
    SLICE_X48Y76.F3      net (fanout=1)        0.586   U_ila_pro_0/U0/I_NO_D.U_ILA/U_STAT/U_DMUX/U_CS_MUX/I3.U_MUX8/Mmux_O_13
    SLICE_X48Y76.X       Tif5x                 1.152   U_ila_pro_0/U0/I_NO_D.U_ILA/U_STAT/U_DMUX/U_CS_MUX/I3.U_MUX8/Mmux_O_8
                                                       U_ila_pro_0/U0/I_NO_D.U_ILA/U_STAT/U_DMUX/U_CS_MUX/I3.U_MUX8/Mmux_O_8_G
                                                       U_ila_pro_0/U0/I_NO_D.U_ILA/U_STAT/U_DMUX/U_CS_MUX/I3.U_MUX8/Mmux_O_8
    SLICE_X48Y81.G2      net (fanout=1)        0.641   U_ila_pro_0/U0/I_NO_D.U_ILA/U_STAT/U_DMUX/U_CS_MUX/I3.U_MUX8/Mmux_O_8
    SLICE_X48Y81.Y       Tilo                  0.759   U_ila_pro_0/U0/I_NO_D.U_ILA/U_STAT/U_MUX/U_CS_MUX/I1.U_MUX2/O127
                                                       U_ila_pro_0/U0/I_NO_D.U_ILA/U_STAT/U_DMUX/U_CS_MUX/I3.U_MUX8/Mmux_O_4
    SLICE_X48Y81.F3      net (fanout=1)        0.023   U_ila_pro_0/U0/I_NO_D.U_ILA/U_STAT/U_DMUX/U_CS_MUX/I3.U_MUX8/Mmux_O_4/O
    SLICE_X48Y81.X       Tilo                  0.759   U_ila_pro_0/U0/I_NO_D.U_ILA/U_STAT/U_MUX/U_CS_MUX/I1.U_MUX2/O127
                                                       U_ila_pro_0/U0/I_NO_D.U_ILA/U_STAT/U_MUX/U_CS_MUX/I1.U_MUX2/O127
    SLICE_X46Y82.F2      net (fanout=1)        0.688   U_ila_pro_0/U0/I_NO_D.U_ILA/U_STAT/U_MUX/U_CS_MUX/I1.U_MUX2/O127
    SLICE_X46Y82.CLK     Tfck                  0.892   U_ila_pro_0/U0/I_NO_D.U_ILA/iSTAT_DOUT
                                                       U_ila_pro_0/U0/I_NO_D.U_ILA/U_STAT/U_MUX/U_CS_MUX/I1.U_MUX2/O130
                                                       U_ila_pro_0/U0/I_NO_D.U_ILA/U_STAT/U_TDO
    -------------------------------------------------  ---------------------------
    Total                                      7.310ns (4.912ns logic, 2.398ns route)
                                                       (67.2% logic, 32.8% route)

--------------------------------------------------------------------------------
Delay (setup path):     7.017ns (data path - clock path skew + uncertainty)
  Source:               U_ila_pro_0/U0/I_NO_D.U_ILA/U_STAT/G_NS[6].U_NSQ (FF)
  Destination:          U_ila_pro_0/U0/I_NO_D.U_ILA/U_STAT/U_TDO (FF)
  Data Path Delay:      7.017ns (Levels of Logic = 5)
  Clock Path Skew:      0.000ns
  Source Clock:         clk rising
  Destination Clock:    icon_control0<0> rising at 0.000ns
  Clock Uncertainty:    0.000ns

  Maximum Data Path: U_ila_pro_0/U0/I_NO_D.U_ILA/U_STAT/G_NS[6].U_NSQ to U_ila_pro_0/U0/I_NO_D.U_ILA/U_STAT/U_TDO
    Location             Delay type         Delay(ns)  Physical Resource
                                                       Logical Resource(s)
    -------------------------------------------------  -------------------
    SLICE_X48Y72.YQ      Tcko                  0.652   U_ila_pro_0/U0/I_NO_D.U_ILA/U_STAT/NS_dstat<7>
                                                       U_ila_pro_0/U0/I_NO_D.U_ILA/U_STAT/G_NS[6].U_NSQ
    SLICE_X47Y72.F2      net (fanout=1)        0.964   U_ila_pro_0/U0/I_NO_D.U_ILA/U_STAT/NS_dstat<6>
    SLICE_X47Y72.F5      Tif5                  0.875   U_ila_pro_0/U0/I_NO_D.U_ILA/U_STAT/U_DMUX/U_CS_MUX/I3.U_MUX8/Mmux_O_7_f6
                                                       U_ila_pro_0/U0/I_NO_D.U_ILA/U_STAT/U_DMUX/U_CS_MUX/I3.U_MUX8/Mmux_O_9
                                                       U_ila_pro_0/U0/I_NO_D.U_ILA/U_STAT/U_DMUX/U_CS_MUX/I3.U_MUX8/Mmux_O_8_f5
    SLICE_X47Y72.FXINA   net (fanout=1)        0.000   U_ila_pro_0/U0/I_NO_D.U_ILA/U_STAT/U_DMUX/U_CS_MUX/I3.U_MUX8/Mmux_O_8_f5
    SLICE_X47Y72.Y       Tif6y                 0.521   U_ila_pro_0/U0/I_NO_D.U_ILA/U_STAT/U_DMUX/U_CS_MUX/I3.U_MUX8/Mmux_O_7_f6
                                                       U_ila_pro_0/U0/I_NO_D.U_ILA/U_STAT/U_DMUX/U_CS_MUX/I3.U_MUX8/Mmux_O_7_f6
    SLICE_X48Y79.F2      net (fanout=1)        0.638   U_ila_pro_0/U0/I_NO_D.U_ILA/U_STAT/U_DMUX/U_CS_MUX/I3.U_MUX8/Mmux_O_7_f6
    SLICE_X48Y79.X       Tilo                  0.759   U_ila_pro_0/U0/I_NO_D.U_ILA/U_STAT/U_DMUX/U_CS_MUX/I3.U_MUX8/Mmux_O_3
                                                       U_ila_pro_0/U0/I_NO_D.U_ILA/U_STAT/U_DMUX/U_CS_MUX/I3.U_MUX8/Mmux_O_3
    SLICE_X48Y81.F4      net (fanout=1)        0.269   U_ila_pro_0/U0/I_NO_D.U_ILA/U_STAT/U_DMUX/U_CS_MUX/I3.U_MUX8/Mmux_O_3
    SLICE_X48Y81.X       Tilo                  0.759   U_ila_pro_0/U0/I_NO_D.U_ILA/U_STAT/U_MUX/U_CS_MUX/I1.U_MUX2/O127
                                                       U_ila_pro_0/U0/I_NO_D.U_ILA/U_STAT/U_MUX/U_CS_MUX/I1.U_MUX2/O127
    SLICE_X46Y82.F2      net (fanout=1)        0.688   U_ila_pro_0/U0/I_NO_D.U_ILA/U_STAT/U_MUX/U_CS_MUX/I1.U_MUX2/O127
    SLICE_X46Y82.CLK     Tfck                  0.892   U_ila_pro_0/U0/I_NO_D.U_ILA/iSTAT_DOUT
                                                       U_ila_pro_0/U0/I_NO_D.U_ILA/U_STAT/U_MUX/U_CS_MUX/I1.U_MUX2/O130
                                                       U_ila_pro_0/U0/I_NO_D.U_ILA/U_STAT/U_TDO
    -------------------------------------------------  ---------------------------
    Total                                      7.017ns (4.458ns logic, 2.559ns route)
                                                       (63.5% logic, 36.5% route)

--------------------------------------------------------------------------------


All constraints were met.


Data Sheet report:
-----------------
No constraints were found to generate data for the Data Sheet Report section.
Use the Advanced Analysis (-a) option or generate global constraints for each
clock, its pad to setup and clock to pad paths, and a pad to pad constraint.

Timing summary:
---------------

Timing errors: 0  Score: 0  (Setup/Max: 0, Hold: 0)

Constraints cover 3697 paths, 0 nets, and 1249 connections

Design statistics:
   Minimum period:  13.319ns{1}   (Maximum frequency:  75.081MHz)
   Maximum path delay from/to any node:   3.490ns


------------------------------------Footnotes-----------------------------------
1)  The minimum period statistic assumes all single cycle delays.

Analysis completed Wed Mar 21 15:29:41 2012 
--------------------------------------------------------------------------------

Trace Settings:
-------------------------
Trace Settings 

Peak Memory Usage: 105 MB



