Release 11.1 Map L.33 (nt)
Xilinx Map Application Log File for Design 'cpuSingleCycle'

Design Information
------------------
Command Line   : map -ise lab5.ise -intstyle ise -p xc3s500e-fg320-4 -cm area
-ir off -pr off -c 100 -o cpuSingleCycle_map.ncd cpuSingleCycle.ngd
cpuSingleCycle.pcf 
Target Device  : xc3s500e
Target Package : fg320
Target Speed   : -4
Mapper Version : spartan3e -- $Revision: 1.51 $
Mapped Date    : Thu Mar 22 10:48:09 2012

vvvvvvvvvvvvvvvvvvvvvvvvvvvvvvvvvvvvvvvvvvvvvvvvvvvvvvvvvvvvvvvvvvvvvv
INFO:Security:54 - 'xc3s500e' is a WebPack part.
INFO:Security:61 - The XILINXD_LICENSE_FILE environment variable is not set.
INFO:Security:63 - The LM_LICENSE_FILE environment variable is not set.
INFO:Security:68 - Please run the Xilinx License Configuration Manager
       (xlcm or "Manage Xilinx Licenses")
       to assist in obtaining a license.
ERROR:Security:7 - A feature for ISE was found but is for the wrong hostid.
ERROR:Security:9 - No 'ISE' nor 'WebPack' feature was available for part
'xc3s500e'.
----------------------------------------------------------------------
No such feature exists.
Feature:       WebPack
License path: 
C:/.Xilinx\XilinxISE11.1_license.lic;C:/.Xilinx\Xilinx_ISE11.1_license2.lic;F:\X
ilinx\11.1\ISE/data\*.lic;F:\Xilinx\11.1\EDK/data/core_licenses\apu_fpu_v2_flexl
m.lic;F:\Xilinx\11.1\EDK/data/core_licenses\apu_fpu_virtex5_v1_flexlm.lic;F:\Xil
inx\11.1\EDK/data/core_licenses\opb_atmc_v1_00_b_flexlm.lic;F:\Xilinx\11.1\EDK/d
ata/core_licenses\opb_atmc_v2_00_a_flexlm.lic;F:\Xilinx\11.1\EDK/data/core_licen
ses\opb_can_v1_flexlm.lic;F:\Xilinx\11.1\EDK/data/core_licenses\opb_ethernetlite
_v1_00_a_flexlm.lic;F:\Xilinx\11.1\EDK/data/core_licenses\opb_ethernetlite_v1_fl
exlm.lic;F:\Xilinx\11.1\EDK/data/core_licenses\opb_ethernet_v1_00_j_flexlm.lic;F
:\Xilinx\11.1\EDK/data/core_licenses\opb_ethernet_v1_00_k_flexlm.lic;F:\Xilinx\1
1.1\EDK/data/core_licenses\opb_ethernet_v1_00_l_flexlm.lic;F:\Xilinx\11.1\EDK/da
ta/core_licenses\opb_ethernet_v1_00_m_flexlm.lic;F:\Xilinx\11.1\EDK/data/core_li
censes\opb_ethernet_v1_01_a_flexlm.lic;F:\Xilinx\11.1\EDK/data/core_licenses\opb
_ethernet_v1_flexlm.lic;F:\Xilinx\11.1\EDK/data/core_licenses\opb_hdlc_v1_00_b_f
lexlm.lic;F:\Xilinx\11.1\EDK/data/core_licenses\opb_hdlc_v1_flexlm.lic;F:\Xilinx
\11.1\EDK/data/core_licenses\opb_hdlc_v2_00_a_flexlm.lic;F:\Xilinx\11.1\EDK/data
/core_licenses\opb_hdlc_v2_flexlm.lic;F:\Xilinx\11.1\EDK/data/core_licenses\opb_
iic_v1_01_a_flexlm.lic;F:\Xilinx\11.1\EDK/data/core_licenses\opb_iic_v1_01_b_fle
xlm.lic;F:\Xilinx\11.1\EDK/data/core_licenses\opb_iic_v1_flexlm.lic;F:\Xilinx\11
.1\EDK/data/core_licenses\opb_pci_v1_00_a_flexlm.lic;F:\Xilinx\11.1\EDK/data/cor
e_licenses\opb_pci_v1_00_b_flexlm.lic;F:\Xilinx\11.1\EDK/data/core_licenses\opb_
pci_v1_00_c_flexlm.lic;F:\Xilinx\11.1\EDK/data/core_licenses\opb_pci_v1_flexlm.l
ic;F:\Xilinx\11.1\EDK/data/core_licenses\opb_uart16550_v1_00_c_flexlm.lic;F:\Xil
inx\11.1\EDK/data/core_licenses\opb_uart16550_v1_flexlm.lic;F:\Xilinx\11.1\EDK/d
ata/core_licenses\opb_usb2_device_v1_flexlm.lic;F:\Xilinx\11.1\EDK/data/core_lic
enses\plbv46_pcie_v3_flexlm.lic;F:\Xilinx\11.1\EDK/data/core_licenses\plbv46_pci
_v1_flexlm.lic;F:\Xilinx\11.1\EDK/data/core_licenses\plb_atmc_v1_00_a_flexlm.lic
;F:\Xilinx\11.1\EDK/data/core_licenses\plb_ethernet_v1_00_a_flexlm.lic;F:\Xilinx
\11.1\EDK/data/core_licenses\plb_ethernet_v1_flexlm.lic;F:\Xilinx\11.1\EDK/data/
core_licenses\plb_gemac_v1_00_a_flexlm.lic;F:\Xilinx\11.1\EDK/data/core_licenses
\plb_gemac_v1_00_b_flexlm.lic;F:\Xilinx\11.1\EDK/data/core_licenses\plb_gemac_v1
_01_a_flexlm.lic;F:\Xilinx\11.1\EDK/data/core_licenses\plb_gemac_v2_flexlm.lic;F
:\Xilinx\11.1\EDK/data/core_licenses\plb_pci_v1_flexlm.lic;F:\Xilinx\11.1\EDK/da
ta/core_licenses\plb_rapidio_lvds_v1_00_a_flexlm.lic;F:\Xilinx\11.1\EDK/data/cor
e_licenses\plb_rapidio_lvds_v1_flexlm.lic;F:\Xilinx\11.1\EDK/data/core_licenses\
plb_temac_v1_flexlm.lic;F:\Xilinx\11.1\EDK/data/core_licenses\plb_uart16550_v1_0
0_b_flexlm.lic;F:\Xilinx\11.1\EDK/data/core_licenses\plb_uart16550_v1_00_c_flexl
m.lic;F:\Xilinx\11.1\EDK/data/core_licenses\soft_temac_wrap_v1_flexlm.lic;F:\Xil
inx\11.1\EDK/data/core_licenses\soft_temac_wrap_v2_flexlm.lic;[...]
FLEXnet Licensing error:-5,357.  System Error: 2 ""
For further information, refer to the FLEXnet Licensing documentation,
available at "www.acresso.com".Invalid host.
 The hostid of this system does not match the hostid
 specified in the license file.
Feature:       ISE
Hostid:        001485346eab
License path: 
C:/.Xilinx\XilinxISE11.1_license.lic;C:/.Xilinx\Xilinx_ISE11.1_license2.lic;F:\X
ilinx\11.1\ISE/data\*.lic;F:\Xilinx\11.1\EDK/data/core_licenses\apu_fpu_v2_flexl
m.lic;F:\Xilinx\11.1\EDK/data/core_licenses\apu_fpu_virtex5_v1_flexlm.lic;F:\Xil
inx\11.1\EDK/data/core_licenses\opb_atmc_v1_00_b_flexlm.lic;F:\Xilinx\11.1\EDK/d
ata/core_licenses\opb_atmc_v2_00_a_flexlm.lic;F:\Xilinx\11.1\EDK/data/core_licen
ses\opb_can_v1_flexlm.lic;F:\Xilinx\11.1\EDK/data/core_licenses\opb_ethernetlite
_v1_00_a_flexlm.lic;F:\Xilinx\11.1\EDK/data/core_licenses\opb_ethernetlite_v1_fl
exlm.lic;F:\Xilinx\11.1\EDK/data/core_licenses\opb_ethernet_v1_00_j_flexlm.lic;F
:\Xilinx\11.1\EDK/data/core_licenses\opb_ethernet_
^^^^^^^^^^^^^^^^^^^^^^^^^^^^^^^^^^^^^^^^^^^^^^^^^^^^^^^^^^^^^^^^^^^^^^
ERROR:Map:258 - A problem was encountered attempting to get the license for this
   architecture. 

Design Summary
--------------
Number of errors   :   1
Number of warnings :   0
